This is pdfTeX, Version 3.141592653-2.6-1.40.29 (TeX Live 2026) (preloaded format=pdflatex 2026.9.9)  9 SEP 2026 15:29
entering extended mode
 restricted \write18 enabled.
 %&-line parsing enabled.
**main.tex
(./main.tex
LaTeX2e <2025-11-01>
L3 programming layer <2026-01-19>
(/usr/local/texlive/2026basic/texmf-dist/tex/latex/base/report.cls
Document Class: report 2025/01/22 v1.4n Standard LaTeX document class
(/usr/local/texlive/2026basic/texmf-dist/tex/latex/base/size12.clo
File: size12.clo 2025/01/22 v1.4n Standard LaTeX file (size option)
)
\c@part=\count275
\c@chapter=\count276
\c@section=\count277
\c@subsection=\count278
\c@subsubsection=\count279
\c@paragraph=\count280
\c@subparagraph=\count281
\c@figure=\count282
\c@table=\count283
\abovecaptionskip=\skip49
\belowcaptionskip=\skip50
\bibindent=\dimen148
)
(/usr/local/texlive/2026basic/texmf-dist/tex/latex/geometry/geometry.sty
Package: geometry 2020/01/02 v5.9 Page Geometry

(/usr/local/texlive/2026basic/texmf-dist/tex/latex/graphics/keyval.sty
Package: keyval 2022/05/29 v1.15 key=value parser (DPC)
\KV@toks@=\toks17
)
(/usr/local/texlive/2026basic/texmf-dist/tex/generic/iftex/ifvtex.sty
Package: ifvtex 2019/10/25 v1.7 ifvtex legacy package. Use iftex instead.

(/usr/local/texlive/2026basic/texmf-dist/tex/generic/iftex/iftex.sty
Package: iftex 2024/12/12 v1.0g TeX engine tests
))
\Gm@cnth=\count284
\Gm@cntv=\count285
\c@Gm@tempcnt=\count286
\Gm@bindingoffset=\dimen149
\Gm@wd@mp=\dimen150
\Gm@odd@mp=\dimen151
\Gm@even@mp=\dimen152
\Gm@layoutwidth=\dimen153
\Gm@layoutheight=\dimen154
\Gm@layouthoffset=\dimen155
\Gm@layoutvoffset=\dimen156
\Gm@dimlist=\toks18
)
(/usr/local/texlive/2026basic/texmf-dist/tex/latex/graphics/graphicx.sty
Package: graphicx 2024/12/31 v1.2e Enhanced LaTeX Graphics (DPC,SPQR)

(/usr/local/texlive/2026basic/texmf-dist/tex/latex/graphics/graphics.sty
Package: graphics 2024/08/06 v1.4g Standard LaTeX Graphics (DPC,SPQR)

(/usr/local/texlive/2026basic/texmf-dist/tex/latex/graphics/trig.sty
Package: trig 2023/12/02 v1.11 sin cos tan (DPC)
)
(/usr/local/texlive/2026basic/texmf-dist/tex/latex/graphics-cfg/graphics.cfg
File: graphics.cfg 2016/06/04 v1.11 sample graphics configuration
)
Package graphics Info: Driver file: pdftex.def on input line 106.

(/usr/local/texlive/2026basic/texmf-dist/tex/latex/graphics-def/pdftex.def
File: pdftex.def 2025/09/29 v1.2d Graphics/color driver for pdftex
))
\Gin@req@height=\dimen157
\Gin@req@width=\dimen158
)
(/usr/local/texlive/2026basic/texmf-dist/tex/latex/booktabs/booktabs.sty
Package: booktabs 2020/01/12 v1.61803398 Publication quality tables
\heavyrulewidth=\dimen159
\lightrulewidth=\dimen160
\cmidrulewidth=\dimen161
\belowrulesep=\dimen162
\belowbottomsep=\dimen163
\aboverulesep=\dimen164
\abovetopsep=\dimen165
\cmidrulesep=\dimen166
\cmidrulekern=\dimen167
\defaultaddspace=\dimen168
\@cmidla=\count287
\@cmidlb=\count288
\@aboverulesep=\dimen169
\@belowrulesep=\dimen170
\@thisruleclass=\count289
\@lastruleclass=\count290
\@thisrulewidth=\dimen171
)
(/usr/local/texlive/2026basic/texmf-dist/tex/latex/amsmath/amsmath.sty
Package: amsmath 2025/07/09 v2.17z AMS math features
\@mathmargin=\skip51

For additional information on amsmath, use the `?' option.
(/usr/local/texlive/2026basic/texmf-dist/tex/latex/amsmath/amstext.sty
Package: amstext 2024/11/17 v2.01 AMS text

(/usr/local/texlive/2026basic/texmf-dist/tex/latex/amsmath/amsgen.sty
File: amsgen.sty 1999/11/30 v2.0 generic functions
\@emptytoks=\toks19
\ex@=\dimen172
))
(/usr/local/texlive/2026basic/texmf-dist/tex/latex/amsmath/amsbsy.sty
Package: amsbsy 1999/11/29 v1.2d Bold Symbols
\pmbraise@=\dimen173
)
(/usr/local/texlive/2026basic/texmf-dist/tex/latex/amsmath/amsopn.sty
Package: amsopn 2022/04/08 v2.04 operator names
)
\inf@bad=\count291
LaTeX Info: Redefining \frac on input line 233.
\uproot@=\count292
\leftroot@=\count293
LaTeX Info: Redefining \overline on input line 398.
LaTeX Info: Redefining \colon on input line 409.
\classnum@=\count294
\DOTSCASE@=\count295
LaTeX Info: Redefining \ldots on input line 495.
LaTeX Info: Redefining \dots on input line 498.
LaTeX Info: Redefining \cdots on input line 619.
\Mathstrutbox@=\box53
\strutbox@=\box54
LaTeX Info: Redefining \big on input line 721.
LaTeX Info: Redefining \Big on input line 722.
LaTeX Info: Redefining \bigg on input line 723.
LaTeX Info: Redefining \Bigg on input line 724.
\big@size=\dimen174
LaTeX Font Info:    Redeclaring font encoding OML on input line 742.
LaTeX Font Info:    Redeclaring font encoding OMS on input line 743.
\macc@depth=\count296
LaTeX Info: Redefining \bmod on input line 904.
LaTeX Info: Redefining \pmod on input line 909.
LaTeX Info: Redefining \smash on input line 939.
LaTeX Info: Redefining \relbar on input line 969.
LaTeX Info: Redefining \Relbar on input line 970.
\c@MaxMatrixCols=\count297
\dotsspace@=\muskip17
\c@parentequation=\count298
\dspbrk@lvl=\count299
\tag@help=\toks20
\row@=\count300
\column@=\count301
\maxfields@=\count302
\andhelp@=\toks21
\eqnshift@=\dimen175
\alignsep@=\dimen176
\tagshift@=\dimen177
\tagwidth@=\dimen178
\totwidth@=\dimen179
\lineht@=\dimen180
\@envbody=\toks22
\multlinegap=\skip52
\multlinetaggap=\skip53
\mathdisplay@stack=\toks23
LaTeX Info: Redefining \[ on input line 2950.
LaTeX Info: Redefining \] on input line 2951.
)
(/usr/local/texlive/2026basic/texmf-dist/tex/latex/hyperref/hyperref.sty
Package: hyperref 2026-01-29 v7.01p Hypertext links for LaTeX

(/usr/local/texlive/2026basic/texmf-dist/tex/latex/kvsetkeys/kvsetkeys.sty
Package: kvsetkeys 2022-10-05 v1.19 Key value parser (HO)
)
(/usr/local/texlive/2026basic/texmf-dist/tex/generic/kvdefinekeys/kvdefinekeys.
sty
Package: kvdefinekeys 2019-12-19 v1.6 Define keys (HO)
)
(/usr/local/texlive/2026basic/texmf-dist/tex/generic/pdfescape/pdfescape.sty
Package: pdfescape 2019/12/09 v1.15 Implements pdfTeX's escape features (HO)

(/usr/local/texlive/2026basic/texmf-dist/tex/generic/ltxcmds/ltxcmds.sty
Package: ltxcmds 2023-12-04 v1.26 LaTeX kernel commands for general use (HO)
)
(/usr/local/texlive/2026basic/texmf-dist/tex/generic/pdftexcmds/pdftexcmds.sty
Package: pdftexcmds 2020-06-27 v0.33 Utility functions of pdfTeX for LuaTeX (HO
)

(/usr/local/texlive/2026basic/texmf-dist/tex/generic/infwarerr/infwarerr.sty
Package: infwarerr 2019/12/03 v1.5 Providing info/warning/error messages (HO)
)
Package pdftexcmds Info: \pdf@primitive is available.
Package pdftexcmds Info: \pdf@ifprimitive is available.
Package pdftexcmds Info: \pdfdraftmode found.
)) (/usr/local/texlive/2026basic/texmf-dist/tex/latex/hycolor/hycolor.sty
Package: hycolor 2020-01-27 v1.10 Color options for hyperref/bookmark (HO)
)
(/usr/local/texlive/2026basic/texmf-dist/tex/latex/hyperref/nameref.sty
Package: nameref 2026-01-29 v2.58 Cross-referencing by name of section

(/usr/local/texlive/2026basic/texmf-dist/tex/latex/refcount/refcount.sty
Package: refcount 2019/12/15 v3.6 Data extraction from label references (HO)
)
(/usr/local/texlive/2026basic/texmf-dist/tex/generic/gettitlestring/gettitlestr
ing.sty
Package: gettitlestring 2019/12/15 v1.6 Cleanup title references (HO)

(/usr/local/texlive/2026basic/texmf-dist/tex/latex/kvoptions/kvoptions.sty
Package: kvoptions 2022-06-15 v3.15 Key value format for package options (HO)
))
\c@section@level=\count303
)
(/usr/local/texlive/2026basic/texmf-dist/tex/latex/etoolbox/etoolbox.sty
Package: etoolbox 2025/10/02 v2.5m e-TeX tools for LaTeX (JAW)
\etb@tempcnta=\count304
)
(/usr/local/texlive/2026basic/texmf-dist/tex/generic/stringenc/stringenc.sty
Package: stringenc 2019/11/29 v1.12 Convert strings between diff. encodings (HO
)
)
\@linkdim=\dimen181
\Hy@linkcounter=\count305
\Hy@pagecounter=\count306

(/usr/local/texlive/2026basic/texmf-dist/tex/latex/hyperref/pd1enc.def
File: pd1enc.def 2026-01-29 v7.01p Hyperref: PDFDocEncoding definition (HO)
Now handling font encoding PD1 ...
... no UTF-8 mapping file for font encoding PD1
)
(/usr/local/texlive/2026basic/texmf-dist/tex/generic/intcalc/intcalc.sty
Package: intcalc 2019/12/15 v1.3 Expandable calculations with integers (HO)
)
\Hy@SavedSpaceFactor=\count307

(/usr/local/texlive/2026basic/texmf-dist/tex/latex/hyperref/puenc.def
File: puenc.def 2026-01-29 v7.01p Hyperref: PDF Unicode definition (HO)
Now handling font encoding PU ...
... no UTF-8 mapping file for font encoding PU
)
Package hyperref Info: Hyper figures OFF on input line 4201.
Package hyperref Info: Link nesting OFF on input line 4206.
Package hyperref Info: Hyper index ON on input line 4209.
Package hyperref Info: Plain pages OFF on input line 4216.
Package hyperref Info: Backreferencing OFF on input line 4221.
Package hyperref Info: Implicit mode ON; LaTeX internals redefined.
Package hyperref Info: Bookmarks ON on input line 4468.
\c@Hy@tempcnt=\count308

(/usr/local/texlive/2026basic/texmf-dist/tex/latex/url/url.sty
\Urlmuskip=\muskip18
Package: url 2013/09/16  ver 3.4  Verb mode for urls, etc.
)
LaTeX Info: Redefining \url on input line 4807.
\XeTeXLinkMargin=\dimen182

(/usr/local/texlive/2026basic/texmf-dist/tex/generic/bitset/bitset.sty
Package: bitset 2019/12/09 v1.3 Handle bit-vector datatype (HO)

(/usr/local/texlive/2026basic/texmf-dist/tex/generic/bigintcalc/bigintcalc.sty
Package: bigintcalc 2019/12/15 v1.5 Expandable calculations on big integers (HO
)
))
\Fld@menulength=\count309
\Field@Width=\dimen183
\Fld@charsize=\dimen184
Package hyperref Info: Hyper figures OFF on input line 6084.
Package hyperref Info: Link nesting OFF on input line 6089.
Package hyperref Info: Hyper index ON on input line 6092.
Package hyperref Info: backreferencing OFF on input line 6099.
Package hyperref Info: Link coloring OFF on input line 6104.
Package hyperref Info: Link coloring with OCG OFF on input line 6109.
Package hyperref Info: PDF/A mode OFF on input line 6114.
\Hy@abspage=\count310
\c@Item=\count311
\c@Hfootnote=\count312
)
Package hyperref Info: Driver (autodetected): hpdftex.
 (/usr/local/texlive/2026basic/texmf-dist/tex/latex/hyperref/hpdftex.def
File: hpdftex.def 2026-01-29 v7.01p Hyperref driver for pdfTeX
\Fld@listcount=\count313
\c@bookmark@seq@number=\count314

(/usr/local/texlive/2026basic/texmf-dist/tex/latex/rerunfilecheck/rerunfilechec
k.sty
Package: rerunfilecheck 2025-06-21 v1.11 Rerun checks for auxiliary files (HO)

(/usr/local/texlive/2026basic/texmf-dist/tex/generic/uniquecounter/uniquecounte
r.sty
Package: uniquecounter 2019/12/15 v1.4 Provide unlimited unique counter (HO)
)
Package uniquecounter Info: New unique counter `rerunfilecheck' on input line 2
84.
)
\Hy@SectionHShift=\skip54
) (/usr/local/texlive/2026basic/texmf-dist/tex/latex/float/float.sty
Package: float 2001/11/08 v1.3d Float enhancements (AL)
\c@float@type=\count315
\float@exts=\toks24
\float@box=\box55
\@float@everytoks=\toks25
\@floatcapt=\box56
)
(/usr/local/texlive/2026basic/texmf-dist/tex/latex/caption/subcaption.sty
Package: subcaption 2023/07/28 v1.6b Sub-captions (AR)

(/usr/local/texlive/2026basic/texmf-dist/tex/latex/caption/caption.sty
Package: caption 2023/08/05 v3.6o Customizing captions (AR)

(/usr/local/texlive/2026basic/texmf-dist/tex/latex/caption/caption3.sty
Package: caption3 2023/07/31 v2.4d caption3 kernel (AR)
\caption@tempdima=\dimen185
\captionmargin=\dimen186
\caption@leftmargin=\dimen187
\caption@rightmargin=\dimen188
\caption@width=\dimen189
\caption@indent=\dimen190
\caption@parindent=\dimen191
\caption@hangindent=\dimen192
Package caption Info: Standard document class detected.
)
\c@caption@flags=\count316
\c@continuedfloat=\count317
Package caption Info: float package is loaded.
Package caption Info: hyperref package is loaded.
)
Package caption Info: New subtype `subfigure' on input line 238.
\c@subfigure=\count318
Package caption Info: New subtype `subtable' on input line 238.
\c@subtable=\count319
)
(/usr/local/texlive/2026basic/texmf-dist/tex/latex/biblatex/biblatex.sty
Package: biblatex 2026/08/13 v3.22 programmable bibliographies (PK/MW)

(/usr/local/texlive/2026basic/texmf-dist/tex/latex/logreq/logreq.sty
Package: logreq 2010/08/04 v1.0 xml request logger
\lrq@indent=\count320

(/usr/local/texlive/2026basic/texmf-dist/tex/latex/logreq/logreq.def
File: logreq.def 2010/08/04 v1.0 logreq spec v1.0
))
(/usr/local/texlive/2026basic/texmf-dist/tex/latex/base/ifthen.sty
Package: ifthen 2024/03/16 v1.1e Standard LaTeX ifthen package (DPC)
)
\c@tabx@nest=\count321
\c@listtotal=\count322
\c@listcount=\count323
\c@liststart=\count324
\c@liststop=\count325
\c@citecount=\count326
\c@citetotal=\count327
\c@multicitecount=\count328
\c@multicitetotal=\count329
\c@instcount=\count330
\c@maxnames=\count331
\c@minnames=\count332
\c@maxitems=\count333
\c@minitems=\count334
\c@citecounter=\count335
\c@maxcitecounter=\count336
\c@savedcitecounter=\count337
\c@uniquelist=\count338
\c@uniquename=\count339
\c@refsection=\count340
\c@refsegment=\count341
\c@maxextratitle=\count342
\c@maxextratitleyear=\count343
\c@maxextraname=\count344
\c@maxextradate=\count345
\c@maxextraalpha=\count346
\c@abbrvpenalty=\count347
\c@highnamepenalty=\count348
\c@lownamepenalty=\count349
\c@maxparens=\count350
\c@parenlevel=\count351
\blx@tempcnta=\count352
\blx@tempcntb=\count353
\blx@tempcntc=\count354
\c@blx@maxsection=\count355
\blx@maxsegment@0=\count356
\blx@notetype=\count357
\blx@parenlevel@text=\count358
\blx@parenlevel@foot=\count359
\blx@sectionciteorder@0=\count360
\blx@sectionciteorderinternal@0=\count361
\blx@entrysetcounter=\count362
\blx@biblioinstance=\count363
\labelnumberwidth=\skip55
\labelalphawidth=\skip56
\biblabelsep=\skip57
\bibitemsep=\skip58
\bibnamesep=\skip59
\bibinitsep=\skip60
\bibparsep=\skip61
\bibhang=\skip62
\blx@bcfin=\read2
\blx@bcfout=\write3
\blx@langwohyphens=\language23
\c@mincomprange=\count364
\c@maxcomprange=\count365
\c@mincompwidth=\count366
Package biblatex Info: Trying to load biblatex default data model...
Package biblatex Info: ... file 'blx-dm.def' found.

(/usr/local/texlive/2026basic/texmf-dist/tex/latex/biblatex/blx-dm.def
File: blx-dm.def 2026/08/13 v3.22 biblatex datamodel (PK/MW)
)
Package biblatex Info: Trying to load biblatex style data model...
Package biblatex Info: ... file 'ieee.dbx' not found.
Package biblatex Info: Trying to load biblatex custom data model...
Package biblatex Info: ... file 'biblatex-dm.cfg' not found.
\c@afterword=\count367
\c@savedafterword=\count368
\c@annotator=\count369
\c@savedannotator=\count370
\c@author=\count371
\c@savedauthor=\count372
\c@bookauthor=\count373
\c@savedbookauthor=\count374
\c@commentator=\count375
\c@savedcommentator=\count376
\c@editor=\count377
\c@savededitor=\count378
\c@editora=\count379
\c@savededitora=\count380
\c@editorb=\count381
\c@savededitorb=\count382
\c@editorc=\count383
\c@savededitorc=\count384
\c@foreword=\count385
\c@savedforeword=\count386
\c@holder=\count387
\c@savedholder=\count388
\c@introduction=\count389
\c@savedintroduction=\count390
\c@namea=\count391
\c@savednamea=\count392
\c@nameb=\count393
\c@savednameb=\count394
\c@namec=\count395
\c@savednamec=\count396
\c@translator=\count397
\c@savedtranslator=\count398
\c@shortauthor=\count399
\c@savedshortauthor=\count400
\c@shorteditor=\count401
\c@savedshorteditor=\count402
\c@labelname=\count403
\c@savedlabelname=\count404
\c@institution=\count405
\c@savedinstitution=\count406
\c@lista=\count407
\c@savedlista=\count408
\c@listb=\count409
\c@savedlistb=\count410
\c@listc=\count411
\c@savedlistc=\count412
\c@listd=\count413
\c@savedlistd=\count414
\c@liste=\count415
\c@savedliste=\count416
\c@listf=\count417
\c@savedlistf=\count418
\c@location=\count419
\c@savedlocation=\count420
\c@organization=\count421
\c@savedorganization=\count422
\c@origlocation=\count423
\c@savedoriglocation=\count424
\c@origpublisher=\count425
\c@savedorigpublisher=\count426
\c@publisher=\count427
\c@savedpublisher=\count428
\c@language=\count429
\c@savedlanguage=\count430
\c@origlanguage=\count431
\c@savedoriglanguage=\count432
\c@pageref=\count433
\c@savedpageref=\count434
\shorthandwidth=\skip63
\shortjournalwidth=\skip64
\shortserieswidth=\skip65
\shorttitlewidth=\skip66
\shortauthorwidth=\skip67
\shorteditorwidth=\skip68
\locallabelnumberwidth=\skip69
\locallabelalphawidth=\skip70
\localshorthandwidth=\skip71
\localshortjournalwidth=\skip72
\localshortserieswidth=\skip73
\localshorttitlewidth=\skip74
\localshortauthorwidth=\skip75
\localshorteditorwidth=\skip76
Package biblatex Info: Trying to load compatibility code...
Package biblatex Info: ... file 'blx-compat.def' found.

(/usr/local/texlive/2026basic/texmf-dist/tex/latex/biblatex/blx-compat.def
File: blx-compat.def 2026/08/13 v3.22 biblatex compatibility (PK/MW)
)
Package biblatex Info: Trying to load generic definitions...
Package biblatex Info: ... file 'biblatex.def' found.

(/usr/local/texlive/2026basic/texmf-dist/tex/latex/biblatex/biblatex.def
File: biblatex.def 2026/08/13 v3.22 biblatex compatibility (PK/MW)
\c@textcitecount=\count435
\c@textcitetotal=\count436
\c@textcitemaxnames=\count437
\c@biburlbigbreakpenalty=\count438
\c@biburlbreakpenalty=\count439
\c@biburlnumpenalty=\count440
\c@biburlucpenalty=\count441
\c@biburllcpenalty=\count442
\biburlbigskip=\muskip19
\biburlnumskip=\muskip20
\biburlucskip=\muskip21
\biburllcskip=\muskip22
\c@smartand=\count443
)
Package biblatex Info: Trying to load bibliography style 'ieee'...
Package biblatex Info: ... file 'ieee.bbx' found.

(/Users/meroo36/Desktop/Projects/jun26_bds_int_covid/.texmf-local/tex/latex/bib
latex-ieee/ieee.bbx
File: ieee.bbx 2025-08-01 v1.4f biblatex bibliography style
Package biblatex Info: Trying to load bibliography style 'numeric-comp'...
Package biblatex Info: ... file 'numeric-comp.bbx' found.

(/usr/local/texlive/2026basic/texmf-dist/tex/latex/biblatex/bbx/numeric-comp.bb
x
File: numeric-comp.bbx 2026/08/13 v3.22 biblatex bibliography style (PK/MW)
Package biblatex Info: Trying to load bibliography style 'numeric'...
Package biblatex Info: ... file 'numeric.bbx' found.
 (/usr/local/texlive/2026basic/texmf-dist/tex/latex/biblatex/bbx/numeric.bbx
File: numeric.bbx 2026/08/13 v3.22 biblatex bibliography style (PK/MW)
Package biblatex Info: Trying to load bibliography style 'standard'...
Package biblatex Info: ... file 'standard.bbx' found.

(/usr/local/texlive/2026basic/texmf-dist/tex/latex/biblatex/bbx/standard.bbx
File: standard.bbx 2026/08/13 v3.22 biblatex bibliography style (PK/MW)
\c@bbx:relatedcount=\count444
\c@bbx:relatedtotal=\count445
))))
Package biblatex Info: Trying to load citation style 'ieee'...
Package biblatex Info: ... file 'ieee.cbx' found.

(/Users/meroo36/Desktop/Projects/jun26_bds_int_covid/.texmf-local/tex/latex/bib
latex-ieee/ieee.cbx
File: ieee.cbx 2025-08-01 v1.4f biblatex citation style
Package biblatex Info: Trying to load citation style 'numeric-verb'...
Package biblatex Info: ... file 'numeric-verb.cbx' found.

(/usr/local/texlive/2026basic/texmf-dist/tex/latex/biblatex/cbx/numeric-verb.cb
x
File: numeric-verb.cbx 2026/08/13 v3.22 biblatex citation style (PK/MW)
Package biblatex Info: Redefining '\cite'.
Package biblatex Info: Redefining '\parencite'.
Package biblatex Info: Redefining '\footcite'.
Package biblatex Info: Redefining '\footcitetext'.
Package biblatex Info: Redefining '\smartcite'.
Package biblatex Info: Redefining '\textcite'.
Package biblatex Info: Redefining '\supercite'.
Package biblatex Info: Redefining '\parencites'.
Package biblatex Info: Redefining '\smartcites'.
Package biblatex Info: Redefining '\textcites'.
))
Package biblatex Info: Trying to load configuration file...
Package biblatex Info: ... file 'biblatex.cfg' found.
 (/usr/local/texlive/2026basic/texmf-dist/tex/latex/biblatex/biblatex.cfg
File: biblatex.cfg 
)
Package biblatex Info: Input encoding 'utf8' detected.
Package biblatex Info: Document encoding is UTF8 ....

(/usr/local/texlive/2026basic/texmf-dist/tex/latex/l3kernel/expl3.sty
Package: expl3 2026-01-19 L3 programming layer (loader) 

(/usr/local/texlive/2026basic/texmf-dist/tex/latex/l3backend/l3backend-pdftex.d
ef
File: l3backend-pdftex.def 2025-10-09 L3 backend support: PDF output (pdfTeX)
\l__color_backend_stack_int=\count446
))
Package biblatex Info: ... and expl3
(biblatex)             2026-01-19 L3 programming layer (loader) 
(biblatex)             is new enough (at least 2020/04/06),
(biblatex)             setting 'casechanger=expl3'.

(/usr/local/texlive/2026basic/texmf-dist/tex/latex/biblatex/blx-case-expl3.sty
(/usr/local/texlive/2026basic/texmf-dist/tex/latex/l3packages/xparse/xparse.sty
Package: xparse 2025-10-09 L3 Experimental document command parser
)
Package: blx-case-expl3 2026/08/13 v3.22 expl3 case changing code for biblatex
)) (/usr/local/texlive/2026basic/texmf-dist/tex/latex/tools/tabularx.sty
Package: tabularx 2023/12/11 v2.12a `tabularx' package (DPC)

(/usr/local/texlive/2026basic/texmf-dist/tex/latex/tools/array.sty
Package: array 2025/09/25 v2.6n Tabular extension package (FMi)
\col@sep=\dimen193
\ar@mcellbox=\box57
\extrarowheight=\dimen194
\NC@list=\toks26
\extratabsurround=\skip77
\backup@length=\skip78
\ar@cellbox=\box58
)
\TX@col@width=\dimen195
\TX@old@table=\dimen196
\TX@old@col=\dimen197
\TX@target=\dimen198
\TX@delta=\dimen199
\TX@cols=\count447
\TX@ftn=\toks27
)
\@quotelevel=\count448
\@quotereset=\count449

(./main.aux (./chapters/introduction.aux) (./chapters/dataset.aux)
(./chapters/preprocessing.aux) (./chapters/methodology.aux)
(./chapters/modelling.aux

LaTeX Warning: Label `fig:gradcam_full' multiply defined.

) (./chapters/transfer_learning.aux) (./chapters/results.aux)
(./chapters/discussion.aux) (./chapters/conclusion.aux)
(./chapters/appendix.aux))
\openout1 = `main.aux'.

LaTeX Font Info:    Checking defaults for OML/cmm/m/it on input line 15.
LaTeX Font Info:    ... okay on input line 15.
LaTeX Font Info:    Checking defaults for OMS/cmsy/m/n on input line 15.
LaTeX Font Info:    ... okay on input line 15.
LaTeX Font Info:    Checking defaults for OT1/cmr/m/n on input line 15.
LaTeX Font Info:    ... okay on input line 15.
LaTeX Font Info:    Checking defaults for T1/cmr/m/n on input line 15.
LaTeX Font Info:    ... okay on input line 15.
LaTeX Font Info:    Checking defaults for TS1/cmr/m/n on input line 15.
LaTeX Font Info:    ... okay on input line 15.
LaTeX Font Info:    Checking defaults for OMX/cmex/m/n on input line 15.
LaTeX Font Info:    ... okay on input line 15.
LaTeX Font Info:    Checking defaults for U/cmr/m/n on input line 15.
LaTeX Font Info:    ... okay on input line 15.
LaTeX Font Info:    Checking defaults for PD1/pdf/m/n on input line 15.
LaTeX Font Info:    ... okay on input line 15.
LaTeX Font Info:    Checking defaults for PU/pdf/m/n on input line 15.
LaTeX Font Info:    ... okay on input line 15.

*geometry* driver: auto-detecting
*geometry* detected driver: pdftex
*geometry* verbose mode - [ preamble ] result:
* driver: pdftex
* paper: a4paper
* layout: <same size as paper>
* layoutoffset:(h,v)=(0.0pt,0.0pt)
* modes: 
* h-part:(L,W,R)=(72.26999pt, 452.9679pt, 72.26999pt)
* v-part:(T,H,B)=(72.26999pt, 700.50687pt, 72.26999pt)
* \paperwidth=597.50787pt
* \paperheight=845.04684pt
* \textwidth=452.9679pt
* \textheight=700.50687pt
* \oddsidemargin=0.0pt
* \evensidemargin=0.0pt
* \topmargin=-37.0pt
* \headheight=12.0pt
* \headsep=25.0pt
* \topskip=12.0pt
* \footskip=30.0pt
* \marginparwidth=35.0pt
* \marginparsep=10.0pt
* \columnsep=10.0pt
* \skip\footins=10.8pt plus 4.0pt minus 2.0pt
* \hoffset=0.0pt
* \voffset=0.0pt
* \mag=1000
* \@twocolumnfalse
* \@twosidefalse
* \@mparswitchfalse
* \@reversemarginfalse
* (1in=72.27pt=25.4mm, 1cm=28.453pt)

(/usr/local/texlive/2026basic/texmf-dist/tex/context/base/mkii/supp-pdf.mkii
[Loading MPS to PDF converter (version 2006.09.02).]
\scratchcounter=\count450
\scratchdimen=\dimen256
\scratchbox=\box59
\nofMPsegments=\count451
\nofMParguments=\count452
\everyMPshowfont=\toks28
\MPscratchCnt=\count453
\MPscratchDim=\dimen257
\MPnumerator=\count454
\makeMPintoPDFobject=\count455
\everyMPtoPDFconversion=\toks29
)
(/usr/local/texlive/2026basic/texmf-dist/tex/latex/epstopdf-pkg/epstopdf-base.s
ty
Package: epstopdf-base 2020-01-24 v2.11 Base part for package epstopdf
Package epstopdf-base Info: Redefining graphics rule for `.eps' on input line 4
85.

(/usr/local/texlive/2026basic/texmf-dist/tex/latex/latexconfig/epstopdf-sys.cfg
File: epstopdf-sys.cfg 2010/07/13 v1.3 Configuration of (r)epstopdf for TeX Liv
e
))
Package hyperref Info: Link coloring OFF on input line 15.
 (./main.out) (./main.out)
\@outlinefile=\write4
\openout4 = `main.out'.

Package caption Info: Begin \AtBeginDocument code.
Package caption Info: End \AtBeginDocument code.
Package biblatex Info: Trying to load language 'english'...
Package biblatex Info: ... file 'english.lbx' found.

(/usr/local/texlive/2026basic/texmf-dist/tex/latex/biblatex/lbx/english.lbx
File: english.lbx 2026/08/13 v3.22 biblatex localization (PK/MW)
)
Package biblatex Info: Input encoding 'utf8' detected.
Package biblatex Info: Automatic encoding selection.
(biblatex)             Assuming data encoding 'utf8'.
\openout3 = `main.bcf'.

Package biblatex Info: Trying to load bibliographic data...
Package biblatex Info: ... file 'main.bbl' not found.

No file main.bbl.
Package biblatex Info: Reference section=0 on input line 15.
Package biblatex Info: Reference segment=0 on input line 15.
(./titlepage.tex [1

{/usr/local/texlive/2026basic/texmf-var/fonts/map/pdftex/updmap/pdftex.map}]) (
./abstract.tex) (./main.toc [1

])
\tf@toc=\write5
\openout5 = `main.toc'.

 [2] (./main.lof
Overfull \hbox (5.79567pt too wide) in paragraph at lines 17--17
 [][] [][]\OT1/cmr/m/n/12 Representative Grad-CAM vi-su-al-i-sa-tions for the l
ung-ROI base-line, grouped 
 []

)
\tf@lof=\write6
\openout6 = `main.lof'.

 [3

] [4] (./main.lot)
\tf@lot=\write7
\openout7 = `main.lot'.

 [5

]
\openout2 = `chapters/introduction.aux'.

 (./chapters/introduction.tex
Chapter 1.
)
pdfTeX warning (ext4): destination with the same identifier (name{page.1}) has 
been already used, duplicate ignored
<to be read again> 
                   \relax 
l.28 \include{chapters/introduction}
                                     [1



]
\openout2 = `chapters/dataset.aux'.

 (./chapters/dataset.tex
Chapter 2.
[2




]
<figures/class_distribution.png, id=417, 433.62pt x 289.08pt>
File: figures/class_distribution.png Graphic file (type png)
<use figures/class_distribution.png>
Package pdftex.def Info: figures/class_distribution.png  used on input line 105
.
(pdftex.def)             Requested size: 339.72592pt x 226.49602pt.
 [3] [4 <./figures/class_distribution.png>]
<figures/viral_pneumonia_file_size.png, id=432, 513.92pt x 311.1625pt>
File: figures/viral_pneumonia_file_size.png Graphic file (type png)
<use figures/viral_pneumonia_file_size.png>
Package pdftex.def Info: figures/viral_pneumonia_file_size.png  used on input l
ine 199.
(pdftex.def)             Requested size: 339.72592pt x 205.6955pt.
 [5] [6 <./figures/viral_pneumonia_file_size.png>]
<figures/duplicate_distribution.png, id=444, 570.4512pt x 351.714pt>
File: figures/duplicate_distribution.png Graphic file (type png)
<use figures/duplicate_distribution.png>
Package pdftex.def Info: figures/duplicate_distribution.png  used on input line
 255.
(pdftex.def)             Requested size: 339.72592pt x 209.46295pt.
 [7 <./figures/duplicate_distribution.png>]
<figures/brightness_contrast_boxplots.png, id=453, 858.0858pt x 341.5962pt>
File: figures/brightness_contrast_boxplots.png Graphic file (type png)
<use figures/brightness_contrast_boxplots.png>
Package pdftex.def Info: figures/brightness_contrast_boxplots.png  used on inpu
t line 323.
(pdftex.def)             Requested size: 407.66833pt x 162.29114pt.
<figures/brightness_contrast_scatter.png, id=456, 498.1812pt x 424.4658pt>
File: figures/brightness_contrast_scatter.png Graphic file (type png)
<use figures/brightness_contrast_scatter.png>
Package pdftex.def Info: figures/brightness_contrast_scatter.png  used on input
 line 340.
(pdftex.def)             Requested size: 362.37569pt x 308.76935pt.
 [8 <./figures/brightness_contrast_boxplots.png>] [9 <./figures/brightness_cont
rast_scatter.png>]
Underfull \hbox (badness 1062) in paragraph at lines 420--420
[]|$\OML/cmm/m/it/12 ^^_[]\OT1/cmr/m/n/12 (3) = 8110\OML/cmm/m/it/12 :\OT1/cmr/
m/n/12 78$; Co-
 []


Underfull \hbox (badness 5133) in paragraph at lines 424--424
[]|\OT1/cmr/m/n/12 0 un-read-able files; 0
 []


Underfull \hbox (badness 1924) in paragraph at lines 424--424
\OT1/cmr/m/n/12 un-matched image--mask
 []


Underfull \hbox (badness 10000) in paragraph at lines 425--426
[]|\OT1/cmr/m/n/12 Complete cor-re-spon-dence be-
 []


Underfull \hbox (badness 1052) in paragraph at lines 425--426
\OT1/cmr/m/n/12 tween chest X-ray im-ages and
 []


Underfull \hbox (badness 4995) in paragraph at lines 428--428
[]|\OT1/cmr/m/n/12 140 RGB X-rays, all
 []


Underfull \hbox (badness 1484) in paragraph at lines 428--428
\OT1/cmr/m/n/12 be-long-ing to the Vi-ral
 []


Underfull \hbox (badness 1194) in paragraph at lines 429--430
[]|\OT1/cmr/m/n/12 Class-specific tech-ni-cal ar-ti-fact;
 []


Underfull \hbox (badness 1406) in paragraph at lines 432--432
[]|\OT1/cmr/m/n/12 59 re-dun-dant files, in-
 []


Underfull \hbox (badness 7151) in paragraph at lines 432--432
\OT1/cmr/m/n/12 clud-ing 51 COVID-19
 []


Underfull \hbox (badness 10000) in paragraph at lines 439--439
[]|\OT1/cmr/m/n/12 Whole-image
 []


Underfull \hbox (badness 10000) in paragraph at lines 441--442
[]|\OT1/cmr/m/n/12 Small but sig-nif-i-cant class-
 []


Underfull \hbox (badness 1132) in paragraph at lines 441--442
\OT1/cmr/m/n/12 associated dif-fer-ences in global
 []


Underfull \hbox (badness 10000) in paragraph at lines 443--443
[]|\OT1/cmr/m/n/12 Whole-image
 []


Underfull \hbox (badness 6725) in paragraph at lines 445--446
[]|\OT1/cmr/m/n/12 Modest but sig-nif-i-cant class-
 []


Underfull \hbox (badness 1132) in paragraph at lines 445--446
\OT1/cmr/m/n/12 associated dif-fer-ences in global
 []

[10]) [11]
\openout2 = `chapters/preprocessing.aux'.

 (./chapters/preprocessing.tex
Chapter 3.
[12




] [13]
Overfull \hbox (5.2079pt too wide) in paragraph at lines 160--163
\OT1/cmr/m/n/12 Independent nor-mal-iza-tion at-ten-u-ates scanner- and acquisi
tion-specific global bright-
 []

<figures/preprocessing_transform_steps.png, id=498, 973.236pt x 642.7212pt>
File: figures/preprocessing_transform_steps.png Graphic file (type png)
<use figures/preprocessing_transform_steps.png>
Package pdftex.def Info: figures/preprocessing_transform_steps.png  used on inp
ut line 172.
(pdftex.def)             Requested size: 452.9679pt x 299.13687pt.
[14] [15 <./figures/preprocessing_transform_steps.png>]
<figures/preprocessing_augmentation_ops.png, id=519, 1140.9024pt x 860.4948pt>
File: figures/preprocessing_augmentation_ops.png Graphic file (type png)
<use figures/preprocessing_augmentation_ops.png>
Package pdftex.def Info: figures/preprocessing_augmentation_ops.png  used on in
put line 242.
(pdftex.def)             Requested size: 452.9679pt x 341.64458pt.
 [16]
<figures/preprocessing_augment_pair.png, id=524, 648.021pt x 570.4512pt>
File: figures/preprocessing_augment_pair.png Graphic file (type png)
<use figures/preprocessing_augment_pair.png>
Package pdftex.def Info: figures/preprocessing_augment_pair.png  used on input 
line 249.
(pdftex.def)             Requested size: 385.02547pt x 338.93958pt.
 [17 <./figures/preprocessing_augmentation_ops.png>] [18 <./figures/preprocessi
ng_augment_pair.png>]) [19]
\openout2 = `chapters/methodology.aux'.

 (./chapters/methodology.tex
Chapter 4.
) [20




]
\openout2 = `chapters/modelling.aux'.

 (./chapters/modelling.tex
Chapter 5.
[21




] [22]
<figures/gradcam_full_COVID.png, id=557, 686.565pt x 747.1915pt>
File: figures/gradcam_full_COVID.png Graphic file (type png)
<use figures/gradcam_full_COVID.png>
Package pdftex.def Info: figures/gradcam_full_COVID.png  used on input line 182
.
(pdftex.def)             Requested size: 217.42265pt x 236.6207pt.
<figures/gradcam_full_Lung_Opacity.png, id=558, 686.565pt x 747.1915pt>
File: figures/gradcam_full_Lung_Opacity.png Graphic file (type png)
<use figures/gradcam_full_Lung_Opacity.png>
Package pdftex.def Info: figures/gradcam_full_Lung_Opacity.png  used on input l
ine 188.
(pdftex.def)             Requested size: 217.42265pt x 236.6207pt.
<figures/gradcam_full_Normal.png, id=559, 686.565pt x 747.1915pt>
File: figures/gradcam_full_Normal.png Graphic file (type png)
<use figures/gradcam_full_Normal.png>
Package pdftex.def Info: figures/gradcam_full_Normal.png  used on input line 19
6.
(pdftex.def)             Requested size: 217.42265pt x 236.6207pt.
<figures/gradcam_full_Viral_Pneumonia.png, id=560, 686.565pt x 747.1915pt>
File: figures/gradcam_full_Viral_Pneumonia.png Graphic file (type png)
<use figures/gradcam_full_Viral_Pneumonia.png>
Package pdftex.def Info: figures/gradcam_full_Viral_Pneumonia.png  used on inpu
t line 202.
(pdftex.def)             Requested size: 217.42265pt x 236.6207pt.
 [23] [24 <./figures/gradcam_full_COVID.png> <./figures/gradcam_full_Lung_Opaci
ty.png> <./figures/gradcam_full_Normal.png> <./figures/gradcam_full_Viral_Pneum
onia.png>]
<figures/lung_roi_covid.png, id=574, 602.37045pt x 641.0349pt>
File: figures/lung_roi_covid.png Graphic file (type png)
<use figures/lung_roi_covid.png>
Package pdftex.def Info: figures/lung_roi_covid.png  used on input line 255.
(pdftex.def)             Requested size: 217.42265pt x 231.37883pt.
<figures/lung_roi_lung_opacity.png, id=575, 602.37045pt x 641.0349pt>
File: figures/lung_roi_lung_opacity.png Graphic file (type png)
<use figures/lung_roi_lung_opacity.png>
Package pdftex.def Info: figures/lung_roi_lung_opacity.png  used on input line 
261.
(pdftex.def)             Requested size: 217.42265pt x 231.37883pt.
<figures/lung_roi_normal.png, id=576, 602.37045pt x 641.0349pt>
File: figures/lung_roi_normal.png Graphic file (type png)
<use figures/lung_roi_normal.png>
Package pdftex.def Info: figures/lung_roi_normal.png  used on input line 269.
(pdftex.def)             Requested size: 217.42265pt x 231.37883pt.
<figures/lung_roi_viral_pneumonia.png, id=577, 602.37045pt x 641.0349pt>
File: figures/lung_roi_viral_pneumonia.png Graphic file (type png)
<use figures/lung_roi_viral_pneumonia.png>
Package pdftex.def Info: figures/lung_roi_viral_pneumonia.png  used on input li
ne 275.
(pdftex.def)             Requested size: 217.42265pt x 231.37883pt.
 [25] [26 <./figures/lung_roi_covid.png> <./figures/lung_roi_lung_opacity.png> 
<./figures/lung_roi_normal.png> <./figures/lung_roi_viral_pneumonia.png>] [27]
File: figures/gradcam_full_COVID.png Graphic file (type png)
<use figures/gradcam_full_COVID.png>
Package pdftex.def Info: figures/gradcam_full_COVID.png  used on input line 392
.
(pdftex.def)             Requested size: 217.42265pt x 236.6207pt.
File: figures/gradcam_full_Lung_Opacity.png Graphic file (type png)
<use figures/gradcam_full_Lung_Opacity.png>
Package pdftex.def Info: figures/gradcam_full_Lung_Opacity.png  used on input l
ine 398.
(pdftex.def)             Requested size: 217.42265pt x 236.6207pt.
File: figures/gradcam_full_Normal.png Graphic file (type png)
<use figures/gradcam_full_Normal.png>
Package pdftex.def Info: figures/gradcam_full_Normal.png  used on input line 40
6.
(pdftex.def)             Requested size: 217.42265pt x 236.6207pt.
File: figures/gradcam_full_Viral_Pneumonia.png Graphic file (type png)
<use figures/gradcam_full_Viral_Pneumonia.png>
Package pdftex.def Info: figures/gradcam_full_Viral_Pneumonia.png  used on inpu
t line 412.
(pdftex.def)             Requested size: 217.42265pt x 236.6207pt.
 [28] [29]) [30]
\openout2 = `chapters/transfer_learning.aux'.

 (./chapters/transfer_learning.tex
Chapter 6.
[31




] [32]
<figures/transfer_finetuned_history.png, id=636, 1192.455pt x 303.534pt>
File: figures/transfer_finetuned_history.png Graphic file (type png)
<use figures/transfer_finetuned_history.png>
Package pdftex.def Info: figures/transfer_finetuned_history.png  used on input 
line 192.
(pdftex.def)             Requested size: 362.37569pt x 92.24194pt.
 [33]
<figures/transfer_finetuned_confusion.png, id=643, 433.62pt x 361.35pt>
File: figures/transfer_finetuned_confusion.png Graphic file (type png)
<use figures/transfer_finetuned_confusion.png>
Package pdftex.def Info: figures/transfer_finetuned_confusion.png  used on inpu
t line 229.
(pdftex.def)             Requested size: 249.13371pt x 207.61473pt.

Overfull \hbox (0.83769pt too wide) in paragraph at lines 239--239
[]\OT1/cmr/bx/n/17.28 Interpretability: Grad-CAM and the Lung-Focus
 []

[34 <./figures/transfer_finetuned_history.png> <./figures/transfer_finetuned_co
nfusion.png>]
<figures/gradcam_transfer_baseline.png, id=653, 650.43pt x 867.24pt>
File: figures/gradcam_transfer_baseline.png Graphic file (type png)
<use figures/gradcam_transfer_baseline.png>
Package pdftex.def Info: figures/gradcam_transfer_baseline.png  used on input l
ine 263.
(pdftex.def)             Requested size: 407.66833pt x 543.57195pt.
 [35] [36 <./figures/gradcam_transfer_baseline.png>]
<figures/transfer_lung_focus_baseline.png, id=664, 578.16pt x 325.215pt>
File: figures/transfer_lung_focus_baseline.png Graphic file (type png)
<use figures/transfer_lung_focus_baseline.png>
Package pdftex.def Info: figures/transfer_lung_focus_baseline.png  used on inpu
t line 290.
(pdftex.def)             Requested size: 317.07614pt x 178.3527pt.
 [37 <./figures/transfer_lung_focus_baseline.png>]
<figures/gradcam_transfer_masked.png, id=675, 650.43pt x 867.24pt>
File: figures/gradcam_transfer_masked.png Graphic file (type png)
<use figures/gradcam_transfer_masked.png>
Package pdftex.def Info: figures/gradcam_transfer_masked.png  used on input lin
e 370.
(pdftex.def)             Requested size: 407.66833pt x 543.57195pt.
 [38] [39 <./figures/gradcam_transfer_masked.png>]
<figures/transfer_mask_only_confusion.png, id=688, 433.62pt x 361.35pt>
File: figures/transfer_mask_only_confusion.png Graphic file (type png)
<use figures/transfer_mask_only_confusion.png>
Package pdftex.def Info: figures/transfer_mask_only_confusion.png  used on inpu
t line 431.
(pdftex.def)             Requested size: 249.13371pt x 207.61473pt.
 [40 <./figures/transfer_mask_only_confusion.png>] [41]
<figures/transfer_all_runs_comparison.png, id=710, 758.835pt x 433.62pt>
File: figures/transfer_all_runs_comparison.png Graphic file (type png)
<use figures/transfer_all_runs_comparison.png>
Package pdftex.def Info: figures/transfer_all_runs_comparison.png  used on inpu
t line 537.
(pdftex.def)             Requested size: 430.31812pt x 245.9022pt.
 [42 <./figures/transfer_all_runs_comparison.png>]) [43]
\openout2 = `chapters/results.aux'.

 (./chapters/results.tex
Chapter 7.
) [44




]
\openout2 = `chapters/discussion.aux'.

 (./chapters/discussion.tex
Chapter 8.
) [45




]
\openout2 = `chapters/conclusion.aux'.

 (./chapters/conclusion.tex
Chapter 9.
) [46




]

LaTeX Warning: Empty bibliography on input line 38.

\openout2 = `chapters/appendix.aux'.

No file chapters/appendix.tex.
(./main.aux (./chapters/introduction.aux) (./chapters/dataset.aux)
(./chapters/preprocessing.aux) (./chapters/methodology.aux)
(./chapters/modelling.aux) (./chapters/transfer_learning.aux)
(./chapters/results.aux) (./chapters/discussion.aux) (./chapters/conclusion.aux
) (./chapters/appendix.aux))
 ***********
LaTeX2e <2025-11-01>
L3 programming layer <2026-01-19>
 ***********


LaTeX Warning: There were undefined references.


LaTeX Warning: There were multiply-defined labels.

Package rerunfilecheck Info: File `main.out' has not changed.
(rerunfilecheck)             Checksum: 56E65F9FF2035CB76B6F6379D5EF2690;10782.

Package biblatex Warning: Please (re)run Biber on the file:
(biblatex)                main
(biblatex)                and rerun LaTeX afterwards.

Package logreq Info: Writing requests to 'main.run.xml'.
\openout1 = `main.run.xml'.

 ) 
Here is how much of TeX's memory you used:
 19198 strings out of 469006
 345342 string characters out of 5454814
 1201554 words of memory out of 5000000
 47472 multiletter control sequences out of 15000+600000
 635079 words of font info for 65 fonts, out of 8000000 for 9000
 319 hyphenation exceptions out of 8191
 75i,11n,79p,1181b,807s stack positions out of 10000i,1000n,20000p,200000b,200000s
 </Users/meroo36/Library/texlive/2026basic/texmf-var/fonts/pk/ljfour/jknappen
/ec/tcrm1200.600pk></usr/local/texlive/2026basic/texmf-dist/fonts/type1/public/
amsfonts/cm/cmbx12.pfb></usr/local/texlive/2026basic/texmf-dist/fonts/type1/pub
lic/amsfonts/cm/cmmi12.pfb></usr/local/texlive/2026basic/texmf-dist/fonts/type1
/public/amsfonts/cm/cmr10.pfb></usr/local/texlive/2026basic/texmf-dist/fonts/ty
pe1/public/amsfonts/cm/cmr12.pfb></usr/local/texlive/2026basic/texmf-dist/fonts
/type1/public/amsfonts/cm/cmr17.pfb></usr/local/texlive/2026basic/texmf-dist/fo
nts/type1/public/amsfonts/cm/cmr8.pfb></usr/local/texlive/2026basic/texmf-dist/
fonts/type1/public/amsfonts/cm/cmsy10.pfb></usr/local/texlive/2026basic/texmf-d
ist/fonts/type1/public/amsfonts/cm/cmsy8.pfb></usr/local/texlive/2026basic/texm
f-dist/fonts/type1/public/amsfonts/cm/cmti12.pfb>
Output written on main.pdf (52 pages, 11743909 bytes).
PDF statistics:
 818 PDF objects out of 1000 (max. 8388607)
 693 compressed objects within 7 object streams
 168 named destinations out of 1000 (max. 500000)
 508 words of extra memory for PDF output out of 10000 (max. 10000000)

